<?xml version="1.0" encoding="UTF-8"?>
<TestRun id="9052e069-8289-45a1-938f-721c6d454099" name="beautin1@B-0-12-21 2015-05-04 15:50:43" runUser="IUTPARIS\beautin1" xmlns="http://microsoft.com/schemas/VisualStudio/TeamTest/2010">
  <TestSettings name="Local" id="125361ef-c43f-44fa-87c1-6b1fd96a954f">
    <Description>Il s'agit des paramètres de test par défaut pour une série de tests locale.</Description>
    <Deployment enabled="false" runDeploymentRoot="beautin1_B-0-12-21 2015-05-04 15_50_43">
      <DeploymentItem filename="Z:\PERIODE 3\AGL\Puissance4\MOE(Puissance 4)\Puissance4\Puissance4\bin\Debug\ConsoleApplication1.exe" />
    </Deployment>
    <Execution>
      <TestTypeSpecific />
      <AgentRule name="Execution Agents">
      </AgentRule>
    </Execution>
  </TestSettings>
  <Times creation="2015-05-04T15:50:43.0746654+02:00" queuing="2015-05-04T15:50:43.1906654+02:00" start="2015-05-04T15:50:43.2136654+02:00" finish="2015-05-04T15:50:44.4906654+02:00" />
  <ResultSummary outcome="Completed">
    <Counters total="1" executed="1" passed="1" error="0" failed="0" timeout="0" aborted="0" inconclusive="0" passedButRunAborted="0" notRunnable="0" notExecuted="0" disconnected="0" warning="0" completed="0" inProgress="0" pending="0" />
  </ResultSummary>
  <TestDefinitions>
    <UnitTest name="addToken" storage="z:\periode 3\agl\puissance4\moe(puissance 4)\puissance4\power4test\bin\debug\power4test.dll" id="34cef1d5-0755-462b-12ba-022ed0af3804">
      <Execution id="9ef4554d-c606-4cf2-b0da-cebe1091512a" />
      <TestMethod codeBase="Z:/PERIODE 3/AGL/Puissance4/MOE(Puissance 4)/Puissance4/Power4Test/bin/Debug/Power4Test.DLL" adapterTypeName="Microsoft.VisualStudio.TestTools.TestTypes.Unit.UnitTestAdapter, Microsoft.VisualStudio.QualityTools.Tips.UnitTest.Adapter, Version=10.0.0.0, Culture=neutral, PublicKeyToken=b03f5f7f11d50a3a" className="Power4Test.ArrayStockTest, Power4Test, Version=1.0.0.0, Culture=neutral, PublicKeyToken=null" name="addToken" />
    </UnitTest>
  </TestDefinitions>
  <TestLists>
    <TestList name="Les résultats ne figurent pas dans une liste" id="8c84fa94-04c1-424b-9868-57a2d4851a1d" />
    <TestList name="Tous les résultats chargés" id="19431567-8539-422a-85d7-44ee4e166bda" />
  </TestLists>
  <TestEntries>
    <TestEntry testId="34cef1d5-0755-462b-12ba-022ed0af3804" executionId="9ef4554d-c606-4cf2-b0da-cebe1091512a" testListId="8c84fa94-04c1-424b-9868-57a2d4851a1d" />
  </TestEntries>
  <Results>
    <UnitTestResult executionId="9ef4554d-c606-4cf2-b0da-cebe1091512a" testId="34cef1d5-0755-462b-12ba-022ed0af3804" testName="addToken" computerName="B-0-12-21" duration="00:00:00.1564118" startTime="2015-05-04T15:50:43.5046654+02:00" endTime="2015-05-04T15:50:44.3186654+02:00" testType="13cdc9d9-ddb5-4fa4-a97d-d965ccfc6d4b" outcome="Passed" testListId="8c84fa94-04c1-424b-9868-57a2d4851a1d" relativeResultsDirectory="9ef4554d-c606-4cf2-b0da-cebe1091512a">
    </UnitTestResult>
  </Results>
</TestRun>